---
source: crates/onequery-cli/src/output.rs
expression: rendered
---
Error: query failed
Command: onequery query exec --source warehouse --sql "<excerpt: select ...>"
Stage: execute_query
Why: server rejected write query
Request ID: req_123
Hint: queries must be read-only
Try:
  - retry with a read-only SELECT
  - run onequery source show warehouse

Think this is a bug? Report it with the error already filled in:
  <REPORT_URL>
