---
source: crates/onequery-cli/src/commands/debug.rs
expression: "output.lines.join(\"\\n\")"
---
Debug: config
Config path: /tmp/onequery-debug-config/config.toml
Base URL: http://127.0.0.1:5656
Base URL source: user config
Resolved org: acme
Resolved org source: config
Values:
  active_org: acme (user config file /tmp/onequery-debug-config/config.toml)
  server_url: http://127.0.0.1:5656 (user config file /tmp/onequery-debug-config/config.toml)
  request_timeout_sec: 90 (user config file /tmp/onequery-debug-config/config.toml)
Typed overrides:
  request_timeout_sec: <none>
Layers:
  - source=defaults status=enabled fingerprint=57842fd3fb1465ecea6a52c6a8d6ceecebd22db3e7c5afb0a029c51f6c8d6363 raw_toml_present=true
  - source=user_file path=/tmp/onequery-debug-config/config.toml status=enabled fingerprint=35f0fc9a7a1223f4e4437cc7854f173476b7c353eef12fe8f758591b4bb59414 raw_toml_present=true
