---
source: crates/onequery-cli/src/commands/serve.rs
expression: "output.lines.join(\"\\n\")"
---
Serve foundation ready.
Config dir: /tmp/onequery/config/self-host
Data dir: /tmp/onequery/data
Listen: 127.0.0.1:4545
Created self-host config.toml: yes
Created secrets.toml: yes
Next step: oneq serve start
