---
source: crates/onequery-cli/src/commands/debug.rs
expression: "output.lines.join(\"\\n\")"
---
Debug: config
Config path: /tmp/onequery-debug-config/config.toml
Base URL: http://127.0.0.1:5656
Resolved org: acme
Resolved org source: config
Values:
  active_org: acme (user config file /tmp/onequery-debug-config/config.toml)
  server_url: http://127.0.0.1:5656 (user config file /tmp/onequery-debug-config/config.toml)
  request_timeout_sec: 90 (user config file /tmp/onequery-debug-config/config.toml)
Typed overrides:
  request_timeout_sec: <none>
Layers:
  - source=defaults status=enabled fingerprint=b33c4f8ecc64f312dd7ebd9cbf7d62b605e9857db5f53fc233a729c3df604038 raw_toml_present=true
  - source=user_file path=/tmp/onequery-debug-config/config.toml status=enabled fingerprint=d71ab707e63993891732b4c94b6f983eec218c0929a89cc931fe963bc7da578e raw_toml_present=true
