---
source: crates/onequery-cli/src/commands/auth/session.rs
expression: "output.lines.join(\"\\n\")"
---
Session refreshed for Alice <alice@example.com>
Credentials: stored
Active org: acme
Issued at: 2026-03-10T00:00:00Z
Expires at: 2026-03-17T00:00:00Z
Last refresh recorded: 2026-03-12T12:00:00Z
