---
source: crates/onequery-cli/src/commands/gateway/tests.rs
expression: "output.lines.join(\"\\n\")"
---
Gateway started in background.
PID: 4242
Listen: 127.0.0.1:5656
Log path: /tmp/onequery/data/logs/server.log
Next steps: onequery gateway status | onequery gateway logs | onequery gateway stop
