---
source: crates/onequery-cli/src/presentation/api_failure.rs
expression: "render_error(&error, EffectiveOutputMode::Text)"
---
Error: org list failed
Command: onequery org list
Stage: http
Why: failed to reach org list endpoint: operation timed out
Try:
  - retry onequery org list

Think this is a bug? Report it with the error already filled in:
  <REPORT_URL>
