---
source: crates/onequery-cli/src/presentation/api_failure.rs
expression: "render_error(&error, EffectiveOutputMode::Text)"
---
Error: Not Logged In
Why: stored credentials are no longer authorized
Hint: login via the OneQuery web app and retry
Try:
  - onequery auth login
Request ID: req_query_auth
Explain: onequery explain not_logged_in
