---
source: crates/onequery-cli/src/presentation/api_failure.rs
expression: "render_error(&error, EffectiveOutputMode::Text)"
---
Error: Not Logged In
Why: stored credentials are no longer authorized
Hint: run `onequery auth login`
Try:
  - onequery auth login
Request ID: req_source_auth
Explain: onequery explain not_logged_in
